[33mÔØ»[39m Building...
[32mÔ£ö[39m Building...
[1mInitial chunk files[22m[2m | [22m[1mNames[22m        [2m | [22m [1mRaw size[22m[2m | [22m[1mEstimated transfer size[22m
[32mmain-I4VEWRSG.js[39m   [2m | [22m[2mmain[22m         [2m | [22m[36m265.32 kB[39m[2m | [22m               [36m67.41 kB[39m
[32mstyles-RREEHEHY.css[39m[2m | [22m[2mstyles[22m       [2m | [22m [36m16.86 kB[39m[2m | [22m                [36m1.43 kB[39m

[1m [22m                  [2m | [22m[1mInitial total[22m[2m | [22m[1m282.19 kB[22m[2m | [22m               [1m68.84 kB[22m

Application bundle generation failed. [4.029 seconds] - 2026-04-07T14:54:25.160Z

node.exe : 
[1m[33m[33mÔû▓ [43;33m
[[43;30mWARNING[43;33m]
[0m [1mcss-inline-fonts:h
ttps://fonts.googleapis.co
m/css2?family=Inter:wght@3
00;400;500;600;700&family=
Playfair+Display:ital,wght
@0,400;0,700;1,400&display
=swap exceeded maximum 
budget. Budget 4.00 kB 
was not met by 14.12 kB 
with a total of 18.12 
kB.[0m
En línea: 1 Carácter: 1
+ & "C:\Program 
Files\nodejs/node.exe" 
"C:\Program 
Files\nodejs/node_mo ...
+ ~~~~~~~~~~~~~~~~~~~~~~~~
~~~~~~~~~~~~~~~~~~~~~~~~~~
~~~~~~~~~~~~~~~~~~~
    + CategoryInfo        
      : NotSpecified: (  
  [1m[33m[33mÔ...f 18   
 .12 kB.[0m:String) [    
], RemoteException
    + FullyQualifiedError 
   Id : NativeCommandErr  
  or
 

[39m[22m
[1m[31m[31mX [41;31m[
[41;97mERROR[41;31m][0m 
[1mcss-inline-fonts:https
://fonts.googleapis.com/cs
s2?family=Inter:wght@300;4
00;500;600;700&family=Play
fair+Display:ital,wght@0,4
00;0,700;1,400&display=swa
p exceeded maximum 
budget. Budget 8.00 kB 
was not met by 10.12 kB 
with a total of 18.12 
kB.[0m

[39m[22m
